// Jest Snapshot v1, https://goo.gl/fbAQLP

exports[`Base behavior Should produce correct validation result 1`] = `
{
  "done": [Function],
  "errorCount": 2,
  "getErrors": [Function],
  "getErrorsByGroup": [Function],
  "getWarnings": [Function],
  "getWarningsByGroup": [Function],
  "groups": {},
  "hasErrors": [Function],
  "hasErrorsByGroup": [Function],
  "hasWarnings": [Function],
  "hasWarningsByGroup": [Function],
  "isValid": [Function],
  "isValidByGroup": [Function],
  "suiteName": undefined,
  "testCount": 5,
  "tests": {
    "field_1": {
      "errorCount": 1,
      "errors": [
        "field_statement_1",
      ],
      "testCount": 1,
      "valid": false,
      "warnCount": 0,
      "warnings": [],
    },
    "field_2": {
      "errorCount": 1,
      "errors": [
        "field_statement_2",
      ],
      "testCount": 1,
      "valid": false,
      "warnCount": 0,
      "warnings": [],
    },
    "field_3": {
      "errorCount": 0,
      "errors": [],
      "testCount": 1,
      "valid": true,
      "warnCount": 0,
      "warnings": [],
    },
    "field_4": {
      "errorCount": 0,
      "errors": [],
      "testCount": 2,
      "valid": true,
      "warnCount": 1,
      "warnings": [
        "field_statement_4",
      ],
    },
    "field_5": {
      "errorCount": 0,
      "errors": [],
      "testCount": 0,
      "valid": false,
      "warnCount": 0,
      "warnings": [],
    },
  },
  "valid": false,
  "warnCount": 1,
}
`;
