// Jest Snapshot v1, https://goo.gl/fbAQLP

exports[`each When callback is not a function should throw 1`] = `"Each must be called with a function"`;
