// Jest Snapshot v1, https://goo.gl/fbAQLP

exports[`group: base case Group validity 1`] = `
{
  "done": [Function],
  "errorCount": 4,
  "getErrors": [Function],
  "getErrorsByGroup": [Function],
  "getWarnings": [Function],
  "getWarningsByGroup": [Function],
  "groups": {
    "group_1": {
      "field_1": {
        "errorCount": 0,
        "errors": [],
        "testCount": 1,
        "valid": true,
        "warnCount": 0,
        "warnings": [],
      },
      "field_2": {
        "errorCount": 1,
        "errors": [],
        "testCount": 2,
        "valid": false,
        "warnCount": 0,
        "warnings": [],
      },
    },
    "group_2": {
      "field_1": {
        "errorCount": 1,
        "errors": [],
        "testCount": 1,
        "valid": false,
        "warnCount": 0,
        "warnings": [],
      },
      "field_2": {
        "errorCount": 0,
        "errors": [],
        "testCount": 1,
        "valid": true,
        "warnCount": 0,
        "warnings": [],
      },
    },
    "group_3": {
      "field_1": {
        "errorCount": 1,
        "errors": [],
        "testCount": 1,
        "valid": false,
        "warnCount": 0,
        "warnings": [],
      },
      "field_2": {
        "errorCount": 1,
        "errors": [],
        "testCount": 1,
        "valid": false,
        "warnCount": 0,
        "warnings": [],
      },
    },
    "group_4": {
      "field_1": {
        "errorCount": 0,
        "errors": [],
        "testCount": 1,
        "valid": true,
        "warnCount": 0,
        "warnings": [],
      },
      "field_2": {
        "errorCount": 0,
        "errors": [],
        "testCount": 1,
        "valid": true,
        "warnCount": 0,
        "warnings": [],
      },
    },
  },
  "hasErrors": [Function],
  "hasErrorsByGroup": [Function],
  "hasWarnings": [Function],
  "hasWarningsByGroup": [Function],
  "isValid": [Function],
  "isValidByGroup": [Function],
  "suiteName": undefined,
  "testCount": 9,
  "tests": {
    "field_1": {
      "errorCount": 2,
      "errors": [],
      "testCount": 4,
      "valid": false,
      "warnCount": 0,
      "warnings": [],
    },
    "field_2": {
      "errorCount": 2,
      "errors": [],
      "testCount": 5,
      "valid": false,
      "warnCount": 0,
      "warnings": [],
    },
  },
  "valid": false,
  "warnCount": 0,
}
`;
