// Jest Snapshot v1, https://goo.gl/fbAQLP

exports[`test.memo cache hit Should produce correct initial result 1`] = `
{
  "done": [Function],
  "errorCount": 1,
  "errors": [
    {
      "fieldName": "field1",
      "groupName": undefined,
      "message": "msg1",
    },
  ],
  "getError": [Function],
  "getErrors": [Function],
  "getErrorsByGroup": [Function],
  "getWarning": [Function],
  "getWarnings": [Function],
  "getWarningsByGroup": [Function],
  "groups": {},
  "hasErrors": [Function],
  "hasErrorsByGroup": [Function],
  "hasWarnings": [Function],
  "hasWarningsByGroup": [Function],
  "isValid": [Function],
  "isValidByGroup": [Function],
  "suiteName": undefined,
  "testCount": 4,
  "tests": {
    "field1": {
      "errorCount": 1,
      "errors": [
        "msg1",
      ],
      "testCount": 2,
      "valid": false,
      "warnCount": 0,
      "warnings": [],
    },
    "field2": {
      "errorCount": 0,
      "errors": [],
      "testCount": 1,
      "valid": true,
      "warnCount": 0,
      "warnings": [],
    },
    "field3": {
      "errorCount": 0,
      "errors": [],
      "testCount": 1,
      "valid": true,
      "warnCount": 1,
      "warnings": [],
    },
  },
  "valid": false,
  "warnCount": 1,
  "warnings": [
    {
      "fieldName": "field3",
      "groupName": undefined,
      "message": undefined,
    },
  ],
}
`;

exports[`test.memo cache hit sync Should restore previous result on re-run 1`] = `
{
  "done": [Function],
  "errorCount": 1,
  "errors": [
    {
      "fieldName": "field1",
      "groupName": undefined,
      "message": "msg1",
    },
  ],
  "getError": [Function],
  "getErrors": [Function],
  "getErrorsByGroup": [Function],
  "getWarning": [Function],
  "getWarnings": [Function],
  "getWarningsByGroup": [Function],
  "groups": {},
  "hasErrors": [Function],
  "hasErrorsByGroup": [Function],
  "hasWarnings": [Function],
  "hasWarningsByGroup": [Function],
  "isValid": [Function],
  "isValidByGroup": [Function],
  "suiteName": undefined,
  "testCount": 4,
  "tests": {
    "field1": {
      "errorCount": 1,
      "errors": [
        "msg1",
      ],
      "testCount": 2,
      "valid": false,
      "warnCount": 0,
      "warnings": [],
    },
    "field2": {
      "errorCount": 0,
      "errors": [],
      "testCount": 1,
      "valid": true,
      "warnCount": 0,
      "warnings": [],
    },
    "field3": {
      "errorCount": 0,
      "errors": [],
      "testCount": 1,
      "valid": true,
      "warnCount": 1,
      "warnings": [],
    },
  },
  "valid": false,
  "warnCount": 1,
  "warnings": [
    {
      "fieldName": "field3",
      "groupName": undefined,
      "message": undefined,
    },
  ],
}
`;
