// Jest Snapshot v1, https://goo.gl/fbAQLP

exports[`each When callback is not a function should throw 1`] = `"each callback must be a function"`;
